// Jest Snapshot v1, https://goo.gl/fbAQLP

exports[`validatorIsEmail snapshot 1`] = `true`;

exports[`validatorIsEmail snapshot 2`] = `false`;

exports[`validatorIsEmail snapshot: snapshot 1`] = `[Function]`;
