// Jest Snapshot v1, https://goo.gl/fbAQLP

exports[`useEvent snapshot: snapshot 1`] = `[Function]`;
