// Jest Snapshot v1, https://goo.gl/fbAQLP

exports[`validatorIsEmpty snapshot 1`] = `true`;

exports[`validatorIsEmpty snapshot 2`] = `false`;
